[auslogics.bizwebvietnam.net/index.html]
[backblue.gif]
[fade.gif]
[index.html]
[bizweb.dktcdn.net/100/161/511/themes/212331/assets/favicone134.png]
[bizweb.dktcdn.net/100/161/511/themes/212331/assets/logoe134.png]
[bizweb.dktcdn.net/100/161/511/themes/212331/assets/bootstrap.mine134.css]
[bizweb.dktcdn.net/100/161/511/themes/212331/assets/pluginse134.css]
[bizweb.dktcdn.net/100/161/511/themes/212331/assets/stylee134.css]
[maxcdn.bootstrapcdn.com/font-awesome/4.7.0/css/font-awesome.min.css]
[bizweb.dktcdn.net/assets/javascripts/bizweb_stats_v2c164.js]
[stats.bizweb.vn/delivery/161511e034.js]
[www.google-analytics.com/analytics.js]
[connect.facebook.net/vi_VN/sdk.js]
[bizweb.dktcdn.net/100/161/511/themes/212331/assets/slider_1e134.jpg]
[bizweb.dktcdn.net/100/161/511/themes/212331/assets/slider_icon_1e134.png]
[bizweb.dktcdn.net/100/161/511/themes/212331/assets/jquery.mine134.js]
[bizweb.dktcdn.net/100/161/511/themes/212331/assets/slider_icon_2e134.png]
[bizweb.dktcdn.net/100/161/511/themes/212331/assets/slider_2e134.jpg]
[bizweb.dktcdn.net/100/161/511/themes/212331/assets/slider_3e134.jpg]
[bizweb.dktcdn.net/thumb/large/100/161/511/products/leoshopping27eb.jpg]
[bizweb.dktcdn.net/thumb/large/100/161/511/products/materials31f2.jpg]
[bizweb.dktcdn.net/thumb/large/100/161/511/products/neroshop-112587c2-3ee8-4971-9def-99d0ea84085220b2.jpg]
[bizweb.dktcdn.net/thumb/large/100/161/511/products/rangertheme316a.jpg]
[bizweb.dktcdn.net/thumb/large/100/161/511/products/services43ed.jpg]
[bizweb.dktcdn.net/thumb/large/100/161/511/products/vomaria8d41.jpg]
[bizweb.dktcdn.net/100/161/511/themes/212331/assets/index_testimonials_image_1e134.png]
[bizweb.dktcdn.net/100/161/511/themes/212331/assets/index_testimonials_image_2e134.png]
[bizweb.dktcdn.net/100/161/511/themes/212331/assets/index_testimonials_image_3e134.png]
[bizweb.dktcdn.net/100/161/511/themes/212331/assets/about_us_image_1e134.jpg]
[bizweb.dktcdn.net/100/161/511/themes/212331/assets/about_us_image_2e134.jpg]
[bizweb.dktcdn.net/100/161/511/themes/212331/assets/about_us_image_3e134.jpg]
[bizweb.dktcdn.net/thumb/large/100/161/511/articles/cc67107d3714f5a7a845c162e3345af62825.jpg]
[bizweb.dktcdn.net/thumb/large/100/161/511/articles/10-cach-lam-content-marketing-tu-tot-den-vi-dai-7762-19b02.jpg]
[bizweb.dktcdn.net/thumb/large/100/161/511/articles/ui-ux-design1364.png]
[bizweb.dktcdn.net/thumb/large/100/161/511/articles/7d356ae46f8e479a2c54bd0656c6b16ac74c0583965d.jpg]
[bizweb.dktcdn.net/thumb/large/100/161/511/articles/nghien-cuu-ux-24bac.jpg]
[bizweb.dktcdn.net/thumb/large/100/161/511/articles/trends2016-1a508.png]
[bizweb.dktcdn.net/thumb/large/100/161/511/articles/website20can20tham20khao20khi20su20dung20google20font-sdmedia-vna36d.png]
[bizweb.dktcdn.net/thumb/large/100/161/511/articles/304-191fb.jpg]
[bizweb.dktcdn.net/100/161/511/themes/212331/assets/partner_1e134.png]
[bizweb.dktcdn.net/100/161/511/themes/212331/assets/partner_2e134.png]
[bizweb.dktcdn.net/100/161/511/themes/212331/assets/partner_3e134.png]
[bizweb.dktcdn.net/100/161/511/themes/212331/assets/partner_4e134.png]
[bizweb.dktcdn.net/100/161/511/themes/212331/assets/partner_5e134.png]
[bizweb.dktcdn.net/100/161/511/themes/212331/assets/partner_6e134.png]
[bizweb.dktcdn.net/100/161/511/themes/212331/assets/partner_7e134.png]
[bizweb.dktcdn.net/100/161/511/themes/212331/assets/partner_8e134.png]
[bizweb.dktcdn.net/100/161/511/themes/212331/assets/contact_box_placee134.png]
[bizweb.dktcdn.net/100/161/511/themes/212331/assets/contact_box_phonee134.png]
[bizweb.dktcdn.net/100/161/511/themes/212331/assets/contact_box_emaile134.png]
[auslogics.bizwebvietnam.net/index.html]
[bizweb.dktcdn.net/100/161/511/themes/212331/assets/main-scripte134.js]
[bizweb.dktcdn.net/assets/themes_support/api.jquerya87f.js]
[bizweb.dktcdn.net/100/161/511/themes/212331/assets/glyphicons-halflings-regular.eot]
[bizweb.dktcdn.net/100/161/511/themes/212331/assets/glyphicons-halflings-regulard41d.eot]
[bizweb.dktcdn.net/100/161/511/themes/212331/assets/glyphicons-halflings-regular.woff2]
[bizweb.dktcdn.net/100/161/511/themes/212331/assets/glyphicons-halflings-regular.woff]
[bizweb.dktcdn.net/100/161/511/themes/212331/assets/glyphicons-halflings-regular.ttf]
[bizweb.dktcdn.net/100/161/511/themes/212331/assets/glyphicons-halflings-regular.svg]
[bizweb.dktcdn.net/100/161/511/themes/212331/assets/bootstrap.mine134.css]
[bizweb.dktcdn.net/100/161/511/themes/212331/assets/owl.video.play.png]
[bizweb.dktcdn.net/100/161/511/themes/212331/images/gradient/g30.png]
[bizweb.dktcdn.net/100/161/511/themes/212331/assets/pluginse134.js]
[bizweb.dktcdn.net/100/161/511/themes/212331/images/gradient/g40.png]
[bizweb.dktcdn.net/100/161/511/themes/212331/assets/shadow1.png]
[bizweb.dktcdn.net/100/161/511/themes/212331/assets/shadow2.png]
[bizweb.dktcdn.net/100/161/511/themes/212331/assets/shadow3.png]
[bizweb.dktcdn.net/100/161/511/themes/212331/assets/gridtile.png]
[bizweb.dktcdn.net/100/161/511/themes/212331/assets/gridtile_white.png]
[bizweb.dktcdn.net/100/161/511/themes/212331/assets/gridtile_3x3.png]
[bizweb.dktcdn.net/100/161/511/themes/212331/assets/gridtile_3x3_white.png]
[bizweb.dktcdn.net/100/161/511/themes/212331/assets/boxed_bgtile.png]
[bizweb.dktcdn.net/100/161/511/themes/212331/assets/navigdots_bgtile.png]
[bizweb.dktcdn.net/100/161/511/themes/212331/assets/bullet.png]
[bizweb.dktcdn.net/100/161/511/themes/212331/assets/bullets.png]
[bizweb.dktcdn.net/100/161/511/themes/212331/assets/bullets2.png]
[bizweb.dktcdn.net/100/161/511/themes/212331/assets/bullet_boxed.png]
[bizweb.dktcdn.net/100/161/511/themes/212331/assets/navigdots.png]
[bizweb.dktcdn.net/100/161/511/themes/212331/assets/large_left.png]
[bizweb.dktcdn.net/100/161/511/themes/212331/assets/large_right.png]
[bizweb.dktcdn.net/100/161/511/themes/212331/assets/small_left.png]
[bizweb.dktcdn.net/100/161/511/themes/212331/assets/small_right.png]
[bizweb.dktcdn.net/100/161/511/themes/212331/assets/arrow_left.png]
[bizweb.dktcdn.net/100/161/511/themes/212331/assets/arrow_right.png]
[bizweb.dktcdn.net/100/161/511/themes/212331/assets/small_left_boxed.png]
[bizweb.dktcdn.net/100/161/511/themes/212331/assets/small_right_boxed.png]
[bizweb.dktcdn.net/100/161/511/themes/212331/assets/arrowleft.png]
[bizweb.dktcdn.net/100/161/511/themes/212331/assets/arrowright.png]
[bizweb.dktcdn.net/100/161/511/themes/212331/assets/arrow_left2.png]
[bizweb.dktcdn.net/100/161/511/themes/212331/assets/arrow_right2.png]
[bizweb.dktcdn.net/100/161/511/themes/212331/assets/timer.png]
[bizweb.dktcdn.net/100/161/511/themes/212331/assets/loader.gif]
[bizweb.dktcdn.net/100/161/511/themes/212331/assets/pluginse134.css]
[bizweb.dktcdn.net/100/161/511/themes/212331/assets/fontello.woff]
[bizweb.dktcdn.net/100/161/511/themes/212331/assets/fontello.eot]
[bizweb.dktcdn.net/100/161/511/themes/212331/assets/fontello.svg]
[bizweb.dktcdn.net/100/161/511/themes/212331/assets/fontello-social.eot]
[bizweb.dktcdn.net/100/161/511/themes/212331/assets/fontellod41d.eot]
[bizweb.dktcdn.net/100/161/511/themes/212331/assets/fontello-social.woff]
[bizweb.dktcdn.net/100/161/511/themes/212331/assets/fontello.ttf]
[bizweb.dktcdn.net/100/161/511/themes/212331/assets/fontello-social.svg]
[bizweb.dktcdn.net/100/161/511/themes/212331/assets/fontello-sociald41d.eot]
[bizweb.dktcdn.net/100/161/511/themes/212331/assets/fontello-social.ttf]
[bizweb.dktcdn.net/100/161/511/themes/212331/assets/fontello-circlee8cb.eot]
[bizweb.dktcdn.net/100/161/511/themes/212331/assets/fontello-circlee8cb.woff]
[bizweb.dktcdn.net/100/161/511/themes/212331/assets/fontello-circlee8cb.ttf]
[bizweb.dktcdn.net/100/161/511/themes/212331/assets/fontello-circlee8cb.svg]
[bizweb.dktcdn.net/100/161/511/themes/212331/assets/budicon.eot]
[bizweb.dktcdn.net/100/161/511/themes/212331/assets/budicon.woff]
[bizweb.dktcdn.net/100/161/511/themes/212331/assets/budicon.svg]
[bizweb.dktcdn.net/100/161/511/themes/212331/assets/elemis60d8.eot]
[bizweb.dktcdn.net/100/161/511/themes/212331/assets/elemisd41d.eot]
[bizweb.dktcdn.net/100/161/511/themes/212331/assets/elemis60d8.woff]
[bizweb.dktcdn.net/100/161/511/themes/212331/assets/budicond41d.eot]
[bizweb.dktcdn.net/100/161/511/themes/212331/assets/elemis60d8.ttf]
[bizweb.dktcdn.net/100/161/511/themes/212331/assets/budicon.ttf]
[bizweb.dktcdn.net/100/161/511/themes/212331/assets/elemis60d8.svg]
[bizweb.dktcdn.net/100/161/511/themes/212331/assets/page-title.jpg]
[bizweb.dktcdn.net/100/161/511/themes/212331/assets/style/images/art/parallax1.jpg]
[bizweb.dktcdn.net/100/161/511/themes/212331/assets/parallax4417b.jpg]
[bizweb.dktcdn.net/100/161/511/themes/212331/assets/parallax5417b.jpg]
[bizweb.dktcdn.net/100/161/511/themes/212331/assets/stylee134.css]
[maxcdn.bootstrapcdn.com/font-awesome/4.7.0/css/font-awesome.min.css]
[www.googletagmanager.com/gtm5445.html]
[connect.facebook.net/vi_VN/sdk.js]
[bizweb.dktcdn.net/100/161/511/themes/212331/assets/arrow.svg]
[bizweb.dktcdn.net/100/161/511/themes/212331/assets/glyphicons-halflings-regular.eot]
[bizweb.dktcdn.net/100/161/511/themes/212331/assets/glyphicons-halflings-regulard41d.eot]
[bizweb.dktcdn.net/100/161/511/themes/212331/assets/glyphicons-halflings-regular.woff2]
[bizweb.dktcdn.net/100/161/511/themes/212331/assets/glyphicons-halflings-regular.woff]
[bizweb.dktcdn.net/100/161/511/themes/212331/assets/glyphicons-halflings-regular.ttf]
[bizweb.dktcdn.net/100/161/511/themes/212331/assets/glyphicons-halflings-regular.svg]
[bizweb.dktcdn.net/100/161/511/themes/212331/assets/owl.video.play.png]
[bizweb.dktcdn.net/100/161/511/themes/212331/images/gradient/g30.png]
[bizweb.dktcdn.net/100/161/511/themes/212331/images/gradient/g40.png]
[bizweb.dktcdn.net/100/161/511/themes/212331/assets/shadow1.png]
[bizweb.dktcdn.net/100/161/511/themes/212331/assets/shadow2.png]
[bizweb.dktcdn.net/100/161/511/themes/212331/assets/shadow3.png]
[bizweb.dktcdn.net/100/161/511/themes/212331/assets/gridtile.png]
[bizweb.dktcdn.net/100/161/511/themes/212331/assets/gridtile_white.png]
[bizweb.dktcdn.net/100/161/511/themes/212331/assets/gridtile_3x3.png]
[bizweb.dktcdn.net/100/161/511/themes/212331/assets/gridtile_3x3_white.png]
[bizweb.dktcdn.net/100/161/511/themes/212331/assets/boxed_bgtile.png]
[bizweb.dktcdn.net/100/161/511/themes/212331/assets/navigdots_bgtile.png]
[bizweb.dktcdn.net/100/161/511/themes/212331/assets/bullet.png]
[bizweb.dktcdn.net/100/161/511/themes/212331/assets/bullets.png]
[bizweb.dktcdn.net/100/161/511/themes/212331/assets/bullets2.png]
[bizweb.dktcdn.net/100/161/511/themes/212331/assets/bullet_boxed.png]
[bizweb.dktcdn.net/100/161/511/themes/212331/assets/navigdots.png]
[bizweb.dktcdn.net/100/161/511/themes/212331/assets/large_left.png]
[bizweb.dktcdn.net/100/161/511/themes/212331/assets/large_right.png]
[bizweb.dktcdn.net/100/161/511/themes/212331/assets/small_left.png]
[bizweb.dktcdn.net/100/161/511/themes/212331/assets/small_right.png]
[bizweb.dktcdn.net/100/161/511/themes/212331/assets/arrow_left.png]
[bizweb.dktcdn.net/100/161/511/themes/212331/assets/arrow_right.png]
[bizweb.dktcdn.net/100/161/511/themes/212331/assets/small_left_boxed.png]
[bizweb.dktcdn.net/100/161/511/themes/212331/assets/small_right_boxed.png]
[bizweb.dktcdn.net/100/161/511/themes/212331/assets/arrowleft.png]
[bizweb.dktcdn.net/100/161/511/themes/212331/assets/arrowright.png]
[bizweb.dktcdn.net/100/161/511/themes/212331/assets/arrow_left2.png]
[bizweb.dktcdn.net/100/161/511/themes/212331/assets/arrow_right2.png]
[bizweb.dktcdn.net/100/161/511/themes/212331/assets/loader.gif]
[bizweb.dktcdn.net/100/161/511/themes/212331/assets/fontello.svg]
[bizweb.dktcdn.net/100/161/511/themes/212331/assets/fontello-social.svg]
[bizweb.dktcdn.net/100/161/511/themes/212331/assets/fontello-circlee8cb.svg]
[bizweb.dktcdn.net/100/161/511/themes/212331/assets/budicon.svg]
[bizweb.dktcdn.net/100/161/511/themes/212331/assets/elemis60d8.svg]
[bizweb.dktcdn.net/100/161/511/themes/212331/assets/page-title.jpg]
[bizweb.dktcdn.net/100/161/511/themes/212331/assets/style/images/art/parallax1.jpg]
[bizweb.dktcdn.net/100/161/511/themes/212331/assets/arrow.svg]
